observe jpeg_le_1
observe jpeg_le_2
observe jpeg_le_3
observe jpeg_le_4
observe jpeg_le_5
observe jpeg_le_6
observe jpeg_le_7
observe jpeg_le_8
observe jpeg_be_6
observe jpeg_be_2
observe jpeg_le_8_extra_entry
observe jpeg_truncated_tiff
observe jpeg_ifd_beyond_len
observe jpeg_entry_beyond_len
observe jpeg_xmp_then_exif_6
observe jpeg_app1_xmp_only
observe jpeg_le_9
observe jpeg_le_0
observe jpeg_ff_run_before_app1_3
observe jpeg_no_markers
observe jpeg_app1_short
observe webp_exif_prefix_6
observe webp_exif_prefix_8
observe webp_no_prefix_5
observe webp_odd_padding_7
observe webp_exif_chunk_beyond
observe webp_no_exif
observe png_no_exif
observe empty
